
> app@0.1.0 build-storybook
> storybook build --output-dir=C:\Users\HHTRAD~1\AppData\Local\Temp\chromatic--16556-j1EIZR3LUaVL

[1mstorybook v9.0.8
[22m
info => Cleaning outputDir: [36m..\..\..\Users\HHTRAD~1\AppData\Local\Temp\chromatic--16556-j1EIZR3LUaVL[39m
info => Loading presets
info => Building manager..
info => Manager built ([38;2;181;126;229m143 ms[39m)
info => Building preview..
WARN No story files found for the specified pattern: [34msrc\**\*.mdx[39m
info Using tsconfig paths for react-docgen
[36mvite v6.3.5 [32mbuilding for production...[36m[39m
info => Copying static files: [36mpublic[39m at [36m..\..\..\Users\HHTRAD~1\AppData\Local\Temp\chromatic--16556-j1EIZR3LUaVL[39m
transforming...
[32m✓[39m 366 modules transformed.
rendering chunks...
computing gzip size...
[2m../../../Users/HHTRAD~1/AppData/Local/Temp/chromatic--16556-j1EIZR3LUaVL/[22m[32miframe.html                                        [39m[1m[2m   18.20 kB[22m[1m[22m[2m │ gzip:   5.09 kB[22m
[2m../../../Users/HHTRAD~1/AppData/Local/Temp/chromatic--16556-j1EIZR3LUaVL/[22m[35massets/iframe-Cfa88snG.css                         [39m[1m[2m   35.25 kB[22m[1m[22m[2m │ gzip:   7.48 kB[22m
[2m../../../Users/HHTRAD~1/AppData/Local/Temp/chromatic--16556-j1EIZR3LUaVL/[22m[36massets/jsx-runtime-D8EKJtQu.js                     [39m[1m[2m    0.07 kB[22m[1m[22m[2m │ gzip:   0.08 kB[22m
[2m../../../Users/HHTRAD~1/AppData/Local/Temp/chromatic--16556-j1EIZR3LUaVL/[22m[36massets/index-B-voyFwt.js                           [39m[1m[2m    0.42 kB[22m[1m[22m[2m │ gzip:   0.27 kB[22m
[2m../../../Users/HHTRAD~1/AppData/Local/Temp/chromatic--16556-j1EIZR3LUaVL/[22m[36massets/ctaBanner.stories-ib5O9Esm.js               [39m[1m[2m    1.50 kB[22m[1m[22m[2m │ gzip:   0.94 kB[22m
[2m../../../Users/HHTRAD~1/AppData/Local/Temp/chromatic--16556-j1EIZR3LUaVL/[22m[36massets/banner.stories-DjSl9Eh1.js                  [39m[1m[2m    1.67 kB[22m[1m[22m[2m │ gzip:   0.91 kB[22m
[2m../../../Users/HHTRAD~1/AppData/Local/Temp/chromatic--16556-j1EIZR3LUaVL/[22m[36massets/bannerTwo.stories-CyPA0DUR.js               [39m[1m[2m    1.71 kB[22m[1m[22m[2m │ gzip:   0.95 kB[22m
[2m../../../Users/HHTRAD~1/AppData/Local/Temp/chromatic--16556-j1EIZR3LUaVL/[22m[36massets/bannerThree.stories-B0tj8d_i.js             [39m[1m[2m    1.73 kB[22m[1m[22m[2m │ gzip:   0.95 kB[22m
[2m../../../Users/HHTRAD~1/AppData/Local/Temp/chromatic--16556-j1EIZR3LUaVL/[22m[36massets/userGuideStepsGridList.stories-BwW0PhKc.js  [39m[1m[2m    2.08 kB[22m[1m[22m[2m │ gzip:   1.03 kB[22m
[2m../../../Users/HHTRAD~1/AppData/Local/Temp/chromatic--16556-j1EIZR3LUaVL/[22m[36massets/Footer.stories-CQvvbnGE.js                  [39m[1m[2m    3.27 kB[22m[1m[22m[2m │ gzip:   1.24 kB[22m
[2m../../../Users/HHTRAD~1/AppData/Local/Temp/chromatic--16556-j1EIZR3LUaVL/[22m[36massets/link-BRoTRnpw.js                            [39m[1m[2m    5.57 kB[22m[1m[22m[2m │ gzip:   2.25 kB[22m
[2m../../../Users/HHTRAD~1/AppData/Local/Temp/chromatic--16556-j1EIZR3LUaVL/[22m[36massets/HeaderDefault.stories-Dx39e11o.js           [39m[1m[2m    5.99 kB[22m[1m[22m[2m │ gzip:   1.86 kB[22m
[2m../../../Users/HHTRAD~1/AppData/Local/Temp/chromatic--16556-j1EIZR3LUaVL/[22m[36massets/userGuideStep.stories-R4dL-HQc.js           [39m[1m[2m    9.01 kB[22m[1m[22m[2m │ gzip:   1.87 kB[22m
[2m../../../Users/HHTRAD~1/AppData/Local/Temp/chromatic--16556-j1EIZR3LUaVL/[22m[36massets/image-BfFO5hN2.js                           [39m[1m[2m   16.74 kB[22m[1m[22m[2m │ gzip:   6.52 kB[22m
[2m../../../Users/HHTRAD~1/AppData/Local/Temp/chromatic--16556-j1EIZR3LUaVL/[22m[36massets/shop.stories-WpB2Pjn8.js                    [39m[1m[2m   17.82 kB[22m[1m[22m[2m │ gzip:   3.44 kB[22m
[2m../../../Users/HHTRAD~1/AppData/Local/Temp/chromatic--16556-j1EIZR3LUaVL/[22m[36massets/Color-AVL7NMMY-Czf68KKz.js                  [39m[1m[2m   29.38 kB[22m[1m[22m[2m │ gzip:  11.07 kB[22m
[2m../../../Users/HHTRAD~1/AppData/Local/Temp/chromatic--16556-j1EIZR3LUaVL/[22m[36massets/matchers-7Z3WT2CE-T3xScrR7.js               [39m[1m[2m   29.81 kB[22m[1m[22m[2m │ gzip:  10.30 kB[22m
[2m../../../Users/HHTRAD~1/AppData/Local/Temp/chromatic--16556-j1EIZR3LUaVL/[22m[36massets/react-18-CId7JeYm.js                        [39m[1m[2m  175.77 kB[22m[1m[22m[2m │ gzip:  55.62 kB[22m
[2m../../../Users/HHTRAD~1/AppData/Local/Temp/chromatic--16556-j1EIZR3LUaVL/[22m[36massets/DocsRenderer-PQXLIZUC-Dw7j56kj.js           [39m[1m[33m  527.38 kB[39m[22m[2m │ gzip: 172.32 kB[22m
[2m../../../Users/HHTRAD~1/AppData/Local/Temp/chromatic--16556-j1EIZR3LUaVL/[22m[36massets/axe-CyboW3Up.js                             [39m[1m[33m  572.53 kB[39m[22m[2m │ gzip: 158.06 kB[22m
[2m../../../Users/HHTRAD~1/AppData/Local/Temp/chromatic--16556-j1EIZR3LUaVL/[22m[36massets/iframe-C9YXKenT.js                          [39m[1m[33m1,438.80 kB[39m[22m[2m │ gzip: 402.35 kB[22m
[32m✓ built in 4.93s[39m
info => Preview built ([38;2;181;126;229m5.83 s[39m)
info => Output directory: C:\Users\HHTRAD~1\AppData\Local\Temp\chromatic--16556-j1EIZR3LUaVL
